Microchip MPLAB XC8 Compiler V2.00 ()

Linker command line:

-W-3 --edf=C:\Program Files (x86)\Microchip\xc8\v2.00\pic\dat\en_msgs.txt \
  -cs -h+dist/default/production\timer1.X.production.sym \
  --cmf=dist/default/production\timer1.X.production.cmf -z -Q16F887 \
  -oC:\Users\21193634\AppData\Local\Temp\shuo.2 \
  -Mdist/default/production/timer1.X.production.map -E1 -ver=XC8 \
  --acfsm=1493 -ASTACK=0110h-016fh -pstack=STACK -ACODE=00h-07FFhx4 \
  -ASTRCODE=00h-01FFFh -ASTRING=00h-0FFhx32 -ACONST=00h-0FFhx32 \
  -AENTRY=00h-0FFhx32 -ACOMMON=070h-07Fh -ABANK0=020h-06Fh \
  -ABANK1=0A0h-0EFh -ABANK2=0110h-016Fh -ABANK3=0190h-01EFh \
  -ARAM=020h-06Fh,0A0h-0EFh,0110h-016Fh,0190h-01EFh \
  -AABS1=020h-07Fh,0A0h-0EFh,0110h-016Fh,0190h-01EFh -ASFR0=00h-01Fh \
  -ASFR1=080h-09Fh -ASFR2=0100h-010Fh -ASFR3=0180h-018Fh \
  -preset_vec=00h,intentry=04h,init,end_init -ppowerup=CODE -pcinit=CODE \
  -pfunctab=ENTRY -ACONFIG=02007h-02008h -pconfig=CONFIG -DCONFIG=2 \
  -AIDLOC=02000h-02003h -pidloc=IDLOC -DIDLOC=2 -AEEDATA=00h-0FFh/02100h \
  -peeprom_data=EEDATA -DEEDATA=2 -DCODE=2 -DSTRCODE=2 -DSTRING=2 -DCONST=2 \
  -DENTRY=2 -k C:\Users\21193634\AppData\Local\Temp\shuo.o \
  dist/default/production\timer1.X.production.o 

Object code version is 3.11

Machine type is 16F887



                Name                               Link     Load   Length Selector   Space Scale
C:\Users\21193634\AppData\Local\Temp\shuo.o
                end_init                              C        C        3        8       0
                reset_vec                             0        0        3        0       0
                config                             2007     2007        1     400E       0
dist/default/production\timer1.X.production.o
                cinit                                 F        F        C        8       0
                intentry                              4        4        8        8       0
                text16                              356      356       20        8       0
                text15                              393      393       1A        8       0
                text14                              32B      32B       2B        8       0
                text13                              109      109       79        8       0
                text12                              3DB      3DB       13      788       0
                text11                              2F0      2F0       3B        8       0
                text10                              3C4      3C4       17      788       0
                text9                               2AF      2AF       41        8       0
                text8                               182      182       73        8       0
                text7                               1F5      1F5       65        8       0
                text6                                1B       1B       EE        8       0
                text5                               3EE      3EE        8      788       0
                text4                               3FD      3FD        7      788       0
                text3                               376      376       1D        8       0
                text2                               3F6      3F6        7      788       0
                text1                               404      404        5      788       0
                maintext                            25A      25A       55        8       0
                cstackBANK0                          20       20       12       20       1
                cstackCOMMON                         70       70        9       70       1
                bssBANK0                             32       32        4       20       1
                bssCOMMON                            79       79        2       70       1
                strings                             3AD      3AD       17      75A       0

TOTAL           Name                               Link     Load   Length     Space
        CLASS   STACK          

        CLASS   CODE           
                end_init                              C        C        3         0
                cinit                                 F        F        C         0
                intentry                              4        4        8         0
                reset_vec                             0        0        3         0
                text16                              356      356       20         0
                text15                              393      393       1A         0
                text14                              32B      32B       2B         0
                text13                              109      109       79         0
                text12                              3DB      3DB       13         0
                text11                              2F0      2F0       3B         0
                text10                              3C4      3C4       17         0
                text9                               2AF      2AF       41         0
                text8                               182      182       73         0
                text7                               1F5      1F5       65         0
                text6                                1B       1B       EE         0
                text5                               3EE      3EE        8         0
                text4                               3FD      3FD        7         0
                text3                               376      376       1D         0
                text2                               3F6      3F6        7         0
                text1                               404      404        5         0
                maintext                            25A      25A       55         0

        CLASS   STRCODE        

        CLASS   STRING         
                strings                             3AD      3AD       17         0

        CLASS   CONST          

        CLASS   ENTRY          

        CLASS   COMMON         
                cstackCOMMON                         70       70        9         1
                bssCOMMON                            79       79        2         1

        CLASS   BANK0          
                cstackBANK0                          20       20       12         1
                bssBANK0                             32       32        4         1

        CLASS   BANK1          

        CLASS   BANK2          

        CLASS   BANK3          

        CLASS   RAM            

        CLASS   ABS1           
                abs_s1                               7E       7E        2         1

        CLASS   SFR0           

        CLASS   SFR1           

        CLASS   SFR2           

        CLASS   SFR3           

        CLASS   CONFIG         
                config                             2007     2007        1         0

        CLASS   IDLOC          

        CLASS   EEDATA         



SEGMENTS        Name                           Load    Length   Top    Selector   Space  Class     Delta

                reset_vec                      000000  000003  000003         0       0  CODE        2
                intentry                       000004  0003A9  0003AD         8       0  CODE        2
                cstackBANK0                    000020  000016  000036        20       1  BANK0       1
                cstackCOMMON                   000070  00000B  00007B        70       1  COMMON      1
                strings                        0003AD  000017  0003C4       75A       0  STRING      2
                text10                         0003C4  000045  000409       788       0  CODE        2
                config                         002007  000001  002008      400E       0  CONFIG      2


UNUSED ADDRESS RANGES

        Name                Unused          Largest block    Delta
        BANK0            0036-006F             3A           1
        BANK1            00A0-00EF             50           1
        BANK2            0110-016F             60           1
        BANK3            0190-01EF             60           1
        CODE             0003-0003              1           2
                         0409-1FFF            800
        COMMON           007B-007D              3           1
        CONFIG           2008-2008              1           2
        CONST            0003-0003              1           2
                         0409-1FFF            100
        EEDATA           2100-21FF            100           2
        ENTRY            0003-0003              1           2
                         0409-1FFF            100
        IDLOC            2000-2003              4           2
        RAM              0036-006F             3A           1
                         00A0-00EF             50
                         0110-016F             60
                         0190-01EF             60
        SFR0             0000-001F             20           1
        SFR1             0080-009F             20           1
        SFR2             0100-010F             10           1
        SFR3             0180-018F             10           1
        STACK            0110-016F             60           1
        STRCODE          0003-0003              1           2
                         0409-1FFF           1BF7
        STRING           0003-0003              1           2
                         0409-1FFF            100

                                  Symbol Table

?___awdiv                 cstackCOMMON 0073
?___awmod                 cstackCOMMON 0073
_INTCONbits               (abs)        000B
_LCDbits                  (abs)        0008
_PIE1bits                 (abs)        008C
_PIR1bits                 (abs)        000C
_PORTCbits                (abs)        0007
_RCSTAbits                (abs)        0018
_T1CONbits                (abs)        0010
_TMR1H                    (abs)        000F
_TMR1L                    (abs)        000E
_TRISCbits                (abs)        0087
_TRISDbits                (abs)        0088
__CFG_FOSC$INTRC_NOCLKOUT (abs)        0000
__CFG_LVP$OFF             (abs)        0000
__CFG_MCLRE$OFF           (abs)        0000
__CFG_WDTE$OFF            (abs)        0000
__Habs1                   abs1         0000
__Hbank0                  bank0        0000
__Hbank1                  bank1        0000
__Hbank2                  bank2        0000
__Hbank3                  bank3        0000
__HbssBANK0               bssBANK0     0000
__HbssCOMMON              bssCOMMON    0000
__Hcinit                  cinit        001B
__Hclrtext                clrtext      0000
__Hcode                   code         0000
__Hcommon                 common       0000
__Hconfig                 config       2008
__HcstackBANK0            cstackBANK0  0000
__HcstackCOMMON           cstackCOMMON 0000
__Heeprom_data            eeprom_data  0000
__Hend_init               end_init     000F
__Hfunctab                functab      0000
__Hidloc                  idloc        0000
__Hinit                   init         000C
__Hintentry               intentry     000C
__Hmaintext               maintext     0000
__Hpowerup                powerup      0000
__Hram                    ram          0000
__Hreset_vec              reset_vec    0003
__Hsfr0                   sfr0         0000
__Hsfr1                   sfr1         0000
__Hsfr2                   sfr2         0000
__Hsfr3                   sfr3         0000
__Hspace_0                (abs)        2008
__Hspace_1                (abs)        007B
__Hspace_2                (abs)        0000
__Hspace_3                (abs)        0000
__Hstack                  stack        0000
__Hstrings                strings      0000
__Htext                   text         0000
__Labs1                   abs1         0000
__Lbank0                  bank0        0000
__Lbank1                  bank1        0000
__Lbank2                  bank2        0000
__Lbank3                  bank3        0000
__LbssBANK0               bssBANK0     0000
__LbssCOMMON              bssCOMMON    0000
__Lcinit                  cinit        000F
__Lclrtext                clrtext      0000
__Lcode                   code         0000
__Lcommon                 common       0000
__Lconfig                 config       2007
__LcstackBANK0            cstackBANK0  0000
__LcstackCOMMON           cstackCOMMON 0000
__Leeprom_data            eeprom_data  0000
__Lend_init               end_init     000C
__Lfunctab                functab      0000
__Lidloc                  idloc        0000
__Linit                   init         000C
__Lintentry               intentry     0004
__Lmaintext               maintext     0000
__Lpowerup                powerup      0000
__Lram                    ram          0000
__Lreset_vec              reset_vec    0000
__Lsfr0                   sfr0         0000
__Lsfr1                   sfr1         0000
__Lsfr2                   sfr2         0000
__Lsfr3                   sfr3         0000
__Lspace_0                (abs)        0000
__Lspace_1                (abs)        0000
__Lspace_2                (abs)        0000
__Lspace_3                (abs)        0000
__Lstack                  stack        0000
__Lstrings                strings      0000
__Ltext                   text         0000
__S0                      (abs)        2008
__S1                      (abs)        007B
__S2                      (abs)        0000
__S3                      (abs)        0000
___awdiv                  text8        0182
___awdiv@counter          cstackBANK0  0020
___awdiv@dividend         cstackCOMMON 0075
___awdiv@divisor          cstackCOMMON 0073
___awdiv@quotient         cstackBANK0  0022
___awdiv@sign             cstackBANK0  0021
___awmod                  text7        01F5
___awmod@counter          cstackBANK0  0020
___awmod@dividend         cstackCOMMON 0075
___awmod@divisor          cstackCOMMON 0073
___awmod@sign             cstackBANK0  0021
___int_sp                 stack        0000
___latbits                (abs)        0002
___sp                     stack        0000
__end_of___awdiv          text8        01F5
__end_of___awmod          text7        025A
__end_of__initialization  cinit        0017
__end_of__stringtab       strings      03B3
__end_of_delay            text10       03DB
__end_of_dispLCD          text11       032B
__end_of_dispLCD_dataReg  text14       0356
__end_of_dispLCD_init     text9        02F0
__end_of_dispLCD_instReg  text13       0182
__end_of_dispLCD_lincol   text12       03EE
__end_of_dispLCD_num      text6        0109
__end_of_initLEDs         text5        03F6
__end_of_initTimer1       text3        0393
__end_of_intt1_1ms        text16       0376
__end_of_irq              text15       03AD
__end_of_main             maintext     02AF
__end_of_setT1            text2        03FD
__end_of_setT1limite      text4        0404
__end_of_statusled1       text1        0409
__initialization          cinit        000F
__pbssBANK0               bssBANK0     0032
__pbssCOMMON              bssCOMMON    0079
__pcstackBANK0            cstackBANK0  0020
__pcstackCOMMON           cstackCOMMON 0070
__pintentry               intentry     0004
__pmaintext               maintext     025A
__pstrings                strings      03AD
__ptext0                  text0        0000
__ptext1                  text1        0404
__ptext10                 text10       03C4
__ptext11                 text11       02F0
__ptext12                 text12       03DB
__ptext13                 text13       0109
__ptext14                 text14       032B
__ptext15                 text15       0393
__ptext16                 text16       0356
__ptext2                  text2        03F6
__ptext3                  text3        0376
__ptext4                  text4        03FD
__ptext5                  text5        03EE
__ptext6                  text6        001B
__ptext7                  text7        01F5
__ptext8                  text8        0182
__ptext9                  text9        02AF
__size_of___awdiv         (abs)        0000
__size_of___awmod         (abs)        0000
__size_of_delay           (abs)        0000
__size_of_dispLCD         (abs)        0000
__size_of_dispLCD_dataReg (abs)        0000
__size_of_dispLCD_init    (abs)        0000
__size_of_dispLCD_instReg (abs)        0000
__size_of_dispLCD_lincol  (abs)        0000
__size_of_dispLCD_num     (abs)        0000
__size_of_initLEDs        (abs)        0000
__size_of_initTimer1      (abs)        0000
__size_of_intt1_1ms       (abs)        0000
__size_of_irq             (abs)        0000
__size_of_main            (abs)        0000
__size_of_setT1           (abs)        0000
__size_of_setT1limite     (abs)        0000
__size_of_statusled1      (abs)        0000
__stringbase              strings      03B2
__stringtab               strings      03AD
_contador                 bssCOMMON    0079
_delay                    text10       03C4
_dispLCD                  text11       02F0
_dispLCD_dataReg          text14       032B
_dispLCD_init             text9        02AF
_dispLCD_instReg          text13       0109
_dispLCD_lincol           text12       03DB
_dispLCD_num              text6        001B
_initLEDs                 text5        03EE
_initTimer1               text3        0376
_intt1_1ms                text16       0356
_irq                      text15       0393
_main                     maintext     025A
_setT1                    text2        03F6
_setT1limite              text4        03FD
_statusled1               text1        0404
_t1cont                   bssBANK0     0032
_t1final                  bssBANK0     0034
btemp                     (abs)        007E
delay@t                   cstackCOMMON 0073
dispLCD@col               cstackBANK0  0020
dispLCD@lin               cstackBANK0  0024
dispLCD@pos               cstackBANK0  0023
dispLCD@str               cstackBANK0  0021
dispLCD_dataReg@d         cstackCOMMON 0074
dispLCD_instReg@i         cstackCOMMON 0075
dispLCD_lincol@col        cstackCOMMON 0076
dispLCD_lincol@lin        cstackCOMMON 0078
dispLCD_num@col           cstackBANK0  0024
dispLCD_num@div           cstackBANK0  002E
dispLCD_num@lin           cstackBANK0  002B
dispLCD_num@num           cstackBANK0  0025
dispLCD_num@sinal         cstackBANK0  002D
dispLCD_num@size          cstackBANK0  002C
dispLCD_num@tam           cstackBANK0  0027
end_of_initialization     cinit        0017
interrupt_function        intentry     0004
intlevel0                 functab      0000
intlevel1                 functab      0000
intlevel2                 functab      0000
intlevel3                 functab      0000
intlevel4                 functab      0000
intlevel5                 functab      0000
reset_vec                 reset_vec    0000
saved_w                   (abs)        007E
setT1@c                   cstackCOMMON 0073
setT1limite@d             cstackCOMMON 0073
stackhi                   (abs)        0000
stacklo                   (abs)        0000
start                     init         000C
start_initialization      cinit        000F
wtemp0                    (abs)        007E


FUNCTION INFORMATION:

 *************** function _main *****************
 Defined at:
		line 15 in file "main.c"
 Parameters:    Size  Location     Type
		None
 Auto vars:     Size  Location     Type
		None
 Return value:  Size  Location     Type
                  1    wreg      void 
 Registers used:
		wreg, fsr0l, fsr0h, status,2, status,0, btemp+1, pclath, cstack
 Tracked objects:
		On entry : 
		On exit  : 
		Unchanged: 
 Data sizes:     COMMON   BANK0   BANK1   BANK3   BANK2
      Params:         0       0       0       0       0
      Locals:         0       0       0       0       0
      Temps:          0       2       0       0       0
      Totals:         0       2       0       0       0
Total ram usage:        2 bytes
 Hardware stack levels required when called:    5
 This function calls:
		_dispLCD
		_dispLCD_init
		_dispLCD_num
		_initLEDs
		_initTimer1
		_setT1
		_setT1limite
		_statusled1
 This function is called by:
		Startup code after reset
 This function uses a non-reentrant model


 *************** function _statusled1 *****************
 Defined at:
		line 14 in file "leds.c"
 Parameters:    Size  Location     Type
		None
 Auto vars:     Size  Location     Type
		None
 Return value:  Size  Location     Type
                  1    wreg      unsigned char 
 Registers used:
		wreg
 Tracked objects:
		On entry : 
		On exit  : 
		Unchanged: 
 Data sizes:     COMMON   BANK0   BANK1   BANK3   BANK2
      Params:         0       0       0       0       0
      Locals:         0       0       0       0       0
      Temps:          0       0       0       0       0
      Totals:         0       0       0       0       0
Total ram usage:        0 bytes
 Hardware stack levels used:    1
 Hardware stack levels required when called:    2
 This function calls:
		Nothing
 This function is called by:
		_main
 This function uses a non-reentrant model


 *************** function _setT1 *****************
 Defined at:
		line 36 in file "timer1.c"
 Parameters:    Size  Location     Type
  c               4    3[COMMON] long 
 Auto vars:     Size  Location     Type
		None
 Return value:  Size  Location     Type
                  1    wreg      void 
 Registers used:
		wreg
 Tracked objects:
		On entry : 
		On exit  : 
		Unchanged: 
 Data sizes:     COMMON   BANK0   BANK1   BANK3   BANK2
      Params:         4       0       0       0       0
      Locals:         0       0       0       0       0
      Temps:          0       0       0       0       0
      Totals:         4       0       0       0       0
Total ram usage:        4 bytes
 Hardware stack levels used:    1
 Hardware stack levels required when called:    2
 This function calls:
		Nothing
 This function is called by:
		_main
 This function uses a non-reentrant model


 *************** function _initTimer1 *****************
 Defined at:
		line 56 in file "timer1.c"
 Parameters:    Size  Location     Type
		None
 Auto vars:     Size  Location     Type
		None
 Return value:  Size  Location     Type
                  1    wreg      void 
 Registers used:
		wreg, status,2, status,0, pclath, cstack
 Tracked objects:
		On entry : 
		On exit  : 
		Unchanged: 
 Data sizes:     COMMON   BANK0   BANK1   BANK3   BANK2
      Params:         0       0       0       0       0
      Locals:         0       0       0       0       0
      Temps:          0       0       0       0       0
      Totals:         0       0       0       0       0
Total ram usage:        0 bytes
 Hardware stack levels used:    1
 Hardware stack levels required when called:    3
 This function calls:
		_setT1limite
 This function is called by:
		_main
 This function uses a non-reentrant model


 *************** function _setT1limite *****************
 Defined at:
		line 46 in file "timer1.c"
 Parameters:    Size  Location     Type
  d               4    3[COMMON] long 
 Auto vars:     Size  Location     Type
		None
 Return value:  Size  Location     Type
                  1    wreg      void 
 Registers used:
		wreg
 Tracked objects:
		On entry : 
		On exit  : 
		Unchanged: 
 Data sizes:     COMMON   BANK0   BANK1   BANK3   BANK2
      Params:         4       0       0       0       0
      Locals:         0       0       0       0       0
      Temps:          0       0       0       0       0
      Totals:         4       0       0       0       0
Total ram usage:        4 bytes
 Hardware stack levels used:    1
 Hardware stack levels required when called:    2
 This function calls:
		Nothing
 This function is called by:
		_main
		_initTimer1
 This function uses a non-reentrant model


 *************** function _initLEDs *****************
 Defined at:
		line 3 in file "leds.c"
 Parameters:    Size  Location     Type
		None
 Auto vars:     Size  Location     Type
		None
 Return value:  Size  Location     Type
                  1    wreg      void 
 Registers used:
		None
 Tracked objects:
		On entry : 
		On exit  : 
		Unchanged: 
 Data sizes:     COMMON   BANK0   BANK1   BANK3   BANK2
      Params:         0       0       0       0       0
      Locals:         0       0       0       0       0
      Temps:          0       0       0       0       0
      Totals:         0       0       0       0       0
Total ram usage:        0 bytes
 Hardware stack levels used:    1
 Hardware stack levels required when called:    2
 This function calls:
		Nothing
 This function is called by:
		_main
 This function uses a non-reentrant model


 *************** function _dispLCD_num *****************
 Defined at:
		line 159 in file "lcd.c"
 Parameters:    Size  Location     Type
  lin             1    wreg     unsigned char 
  col             1    4[BANK0 ] unsigned char 
  num             2    5[BANK0 ] int 
  tam             1    7[BANK0 ] unsigned char 
 Auto vars:     Size  Location     Type
  lin             1   11[BANK0 ] unsigned char 
  div             2   14[BANK0 ] int 
  sinal           1   13[BANK0 ] unsigned char 
  size            1   12[BANK0 ] unsigned char 
 Return value:  Size  Location     Type
                  1    wreg      void 
 Registers used:
		wreg, status,2, status,0, btemp+1, pclath, cstack
 Tracked objects:
		On entry : 
		On exit  : 
		Unchanged: 
 Data sizes:     COMMON   BANK0   BANK1   BANK3   BANK2
      Params:         0       4       0       0       0
      Locals:         0       5       0       0       0
      Temps:          0       3       0       0       0
      Totals:         0      12       0       0       0
Total ram usage:       12 bytes
 Hardware stack levels used:    1
 Hardware stack levels required when called:    4
 This function calls:
		___awdiv
		___awmod
		_dispLCD_dataReg
		_dispLCD_lincol
 This function is called by:
		_main
 This function uses a non-reentrant model


 *************** function ___awmod *****************
 Defined at:
		line 5 in file "C:\Program Files (x86)\Microchip\xc8\v2.00\pic\sources\c90\common\awmod.c"
 Parameters:    Size  Location     Type
  divisor         2    3[COMMON] int 
  dividend        2    5[COMMON] int 
 Auto vars:     Size  Location     Type
  sign            1    1[BANK0 ] unsigned char 
  counter         1    0[BANK0 ] unsigned char 
 Return value:  Size  Location     Type
                  2    3[COMMON] int 
 Registers used:
		wreg, status,2, status,0
 Tracked objects:
		On entry : 
		On exit  : 
		Unchanged: 
 Data sizes:     COMMON   BANK0   BANK1   BANK3   BANK2
      Params:         4       0       0       0       0
      Locals:         0       2       0       0       0
      Temps:          1       0       0       0       0
      Totals:         5       2       0       0       0
Total ram usage:        7 bytes
 Hardware stack levels used:    1
 Hardware stack levels required when called:    2
 This function calls:
		Nothing
 This function is called by:
		_dispLCD_num
 This function uses a non-reentrant model


 *************** function ___awdiv *****************
 Defined at:
		line 5 in file "C:\Program Files (x86)\Microchip\xc8\v2.00\pic\sources\c90\common\awdiv.c"
 Parameters:    Size  Location     Type
  divisor         2    3[COMMON] int 
  dividend        2    5[COMMON] int 
 Auto vars:     Size  Location     Type
  quotient        2    2[BANK0 ] int 
  sign            1    1[BANK0 ] unsigned char 
  counter         1    0[BANK0 ] unsigned char 
 Return value:  Size  Location     Type
                  2    3[COMMON] int 
 Registers used:
		wreg, status,2, status,0
 Tracked objects:
		On entry : 
		On exit  : 
		Unchanged: 
 Data sizes:     COMMON   BANK0   BANK1   BANK3   BANK2
      Params:         4       0       0       0       0
      Locals:         0       4       0       0       0
      Temps:          1       0       0       0       0
      Totals:         5       4       0       0       0
Total ram usage:        9 bytes
 Hardware stack levels used:    1
 Hardware stack levels required when called:    2
 This function calls:
		Nothing
 This function is called by:
		_dispLCD_num
 This function uses a non-reentrant model


 *************** function _dispLCD_init *****************
 Defined at:
		line 124 in file "lcd.c"
 Parameters:    Size  Location     Type
		None
 Auto vars:     Size  Location     Type
		None
 Return value:  Size  Location     Type
                  1    wreg      void 
 Registers used:
		wreg, status,2, status,0, pclath, cstack
 Tracked objects:
		On entry : 
		On exit  : 
		Unchanged: 
 Data sizes:     COMMON   BANK0   BANK1   BANK3   BANK2
      Params:         0       0       0       0       0
      Locals:         0       0       0       0       0
      Temps:          0       0       0       0       0
      Totals:         0       0       0       0       0
Total ram usage:        0 bytes
 Hardware stack levels used:    1
 Hardware stack levels required when called:    3
 This function calls:
		_delay
		_dispLCD_instReg
 This function is called by:
		_main
 This function uses a non-reentrant model


 *************** function _delay *****************
 Defined at:
		line 12 in file "delay.c"
 Parameters:    Size  Location     Type
  t               2    3[COMMON] unsigned int 
 Auto vars:     Size  Location     Type
		None
 Return value:  Size  Location     Type
                  1    wreg      void 
 Registers used:
		wreg, status,2, status,0
 Tracked objects:
		On entry : 
		On exit  : 
		Unchanged: 
 Data sizes:     COMMON   BANK0   BANK1   BANK3   BANK2
      Params:         2       0       0       0       0
      Locals:         0       0       0       0       0
      Temps:          1       0       0       0       0
      Totals:         3       0       0       0       0
Total ram usage:        3 bytes
 Hardware stack levels used:    1
 Hardware stack levels required when called:    2
 This function calls:
		Nothing
 This function is called by:
		_dispLCD_init
 This function uses a non-reentrant model


 *************** function _dispLCD *****************
 Defined at:
		line 145 in file "lcd.c"
 Parameters:    Size  Location     Type
  lin             1    wreg     unsigned char 
  col             1    0[BANK0 ] unsigned char 
  str             1    1[BANK0 ] PTR const unsigned char 
		 -> STR_1(17), 
 Auto vars:     Size  Location     Type
  lin             1    4[BANK0 ] unsigned char 
  pos             1    3[BANK0 ] unsigned char 
 Return value:  Size  Location     Type
                  1    wreg      void 
 Registers used:
		wreg, fsr0l, fsr0h, status,2, status,0, pclath, cstack
 Tracked objects:
		On entry : 
		On exit  : 
		Unchanged: 
 Data sizes:     COMMON   BANK0   BANK1   BANK3   BANK2
      Params:         0       2       0       0       0
      Locals:         0       2       0       0       0
      Temps:          0       1       0       0       0
      Totals:         0       5       0       0       0
Total ram usage:        5 bytes
 Hardware stack levels used:    1
 Hardware stack levels required when called:    4
 This function calls:
		_dispLCD_dataReg
		_dispLCD_lincol
 This function is called by:
		_main
 This function uses a non-reentrant model


 *************** function _dispLCD_lincol *****************
 Defined at:
		line 118 in file "lcd.c"
 Parameters:    Size  Location     Type
  lin             1    wreg     unsigned char 
  col             1    6[COMMON] unsigned char 
 Auto vars:     Size  Location     Type
  lin             1    8[COMMON] unsigned char 
 Return value:  Size  Location     Type
                  1    wreg      void 
 Registers used:
		wreg, status,2, status,0, pclath, cstack
 Tracked objects:
		On entry : 
		On exit  : 
		Unchanged: 
 Data sizes:     COMMON   BANK0   BANK1   BANK3   BANK2
      Params:         1       0       0       0       0
      Locals:         1       0       0       0       0
      Temps:          1       0       0       0       0
      Totals:         3       0       0       0       0
Total ram usage:        3 bytes
 Hardware stack levels used:    1
 Hardware stack levels required when called:    3
 This function calls:
		_dispLCD_instReg
 This function is called by:
		_dispLCD
		_dispLCD_num
 This function uses a non-reentrant model


 *************** function _dispLCD_instReg *****************
 Defined at:
		line 69 in file "lcd.c"
 Parameters:    Size  Location     Type
  i               1    wreg     unsigned char 
 Auto vars:     Size  Location     Type
  i               1    5[COMMON] unsigned char 
 Return value:  Size  Location     Type
                  1    wreg      void 
 Registers used:
		wreg, status,2, status,0
 Tracked objects:
		On entry : 
		On exit  : 
		Unchanged: 
 Data sizes:     COMMON   BANK0   BANK1   BANK3   BANK2
      Params:         0       0       0       0       0
      Locals:         1       0       0       0       0
      Temps:          2       0       0       0       0
      Totals:         3       0       0       0       0
Total ram usage:        3 bytes
 Hardware stack levels used:    1
 Hardware stack levels required when called:    2
 This function calls:
		Nothing
 This function is called by:
		_dispLCD_lincol
		_dispLCD_init
		_dispLCD_clr
 This function uses a non-reentrant model


 *************** function _dispLCD_dataReg *****************
 Defined at:
		line 102 in file "lcd.c"
 Parameters:    Size  Location     Type
  d               1    wreg     unsigned char 
 Auto vars:     Size  Location     Type
  d               1    4[COMMON] unsigned char 
 Return value:  Size  Location     Type
                  1    wreg      void 
 Registers used:
		wreg, status,2, status,0
 Tracked objects:
		On entry : 
		On exit  : 
		Unchanged: 
 Data sizes:     COMMON   BANK0   BANK1   BANK3   BANK2
      Params:         0       0       0       0       0
      Locals:         1       0       0       0       0
      Temps:          1       0       0       0       0
      Totals:         2       0       0       0       0
Total ram usage:        2 bytes
 Hardware stack levels used:    1
 Hardware stack levels required when called:    2
 This function calls:
		Nothing
 This function is called by:
		_dispLCD
		_dispLCD_num
 This function uses a non-reentrant model


 *************** function _irq *****************
 Defined at:
		line 17 in file "timer1.c"
 Parameters:    Size  Location     Type
		None
 Auto vars:     Size  Location     Type
		None
 Return value:  Size  Location     Type
                  1    wreg      void 
 Registers used:
		wreg, status,2, status,0, pclath, cstack
 Tracked objects:
		On entry : 
		On exit  : 
		Unchanged: 
 Data sizes:     COMMON   BANK0   BANK1   BANK3   BANK2
      Params:         0       0       0       0       0
      Locals:         0       0       0       0       0
      Temps:          2       0       0       0       0
      Totals:         2       0       0       0       0
Total ram usage:        2 bytes
 Hardware stack levels used:    1
 Hardware stack levels required when called:    1
 This function calls:
		_intt1_1ms
 This function is called by:
		Interrupt level 1
 This function uses a non-reentrant model


 *************** function _intt1_1ms *****************
 Defined at:
		line 26 in file "timer1.c"
 Parameters:    Size  Location     Type
		None
 Auto vars:     Size  Location     Type
		None
 Return value:  Size  Location     Type
                  1    wreg      void 
 Registers used:
		wreg, status,2
 Tracked objects:
		On entry : 
		On exit  : 
		Unchanged: 
 Data sizes:     COMMON   BANK0   BANK1   BANK3   BANK2
      Params:         0       0       0       0       0
      Locals:         0       0       0       0       0
      Temps:          1       0       0       0       0
      Totals:         1       0       0       0       0
Total ram usage:        1 bytes
 Hardware stack levels used:    1
 This function calls:
		Nothing
 This function is called by:
		_irq
 This function uses a non-reentrant model



MODULE INFORMATION

Module		Function		Class		Link	Load	Size
delay.c
		_delay         		CODE           	03C4	0000	24

delay.c estimated size: 24

C:\Program Files (x86)\Microchip\xc8\v2.00\pic\sources\c90\common\awmod.c
		___awmod       		CODE           	01F5	0000	102

C:\Program Files (x86)\Microchip\xc8\v2.00\pic\sources\c90\common\awmod.c estimated size: 102

C:\Program Files (x86)\Microchip\xc8\v2.00\pic\sources\c90\common\awdiv.c
		___awdiv       		CODE           	0182	0000	116

C:\Program Files (x86)\Microchip\xc8\v2.00\pic\sources\c90\common\awdiv.c estimated size: 116

shared
		__stringtab    		STRING         	03AD	0000	7
		__initialization		CODE           	000F	0000	9

shared estimated size: 16

leds.c
		_initLEDs      		CODE           	03EE	0000	9
		_statusled1    		CODE           	0404	0000	6

leds.c estimated size: 15

lcd.c
		_dispLCD_lincol		CODE           	03DB	0000	20
		_dispLCD_dataReg		CODE           	032B	0000	44
		_dispLCD_instReg		CODE           	0109	0000	122
		_dispLCD       		CODE           	02F0	0000	60
		_dispLCD_num   		CODE           	001B	0000	239
		_dispLCD_init  		CODE           	02AF	0000	66

lcd.c estimated size: 551

timer1.c
		_setT1         		CODE           	03F6	0000	8
		_intt1_1ms     		CODE           	0356	0000	33
		_irq           		CODE           	0393	0000	27
		_setT1limite   		CODE           	03FD	0000	8
		_initTimer1    		CODE           	0376	0000	30

timer1.c estimated size: 106

main.c
		_main          		CODE           	025A	0000	86

main.c estimated size: 86

